Contribution #1 on Sun Sep 20 17:18:17 UTC 2026
Contribution #2 on Sun Sep 20 17:18:17 UTC 2026
Contribution #3 on Sun Sep 20 17:18:17 UTC 2026
Contribution #4 on Sun Sep 20 17:18:17 UTC 2026
Contribution #5 on Sun Sep 20 17:18:17 UTC 2026
Contribution #6 on Sun Sep 20 17:18:17 UTC 2026
Contribution #7 on Sun Sep 20 17:18:17 UTC 2026
Contribution #8 on Sun Sep 20 17:18:17 UTC 2026
Contribution #9 on Sun Sep 20 17:18:17 UTC 2026
Contribution #10 on Sun Sep 20 17:18:17 UTC 2026
Contribution #11 on Sun Sep 20 17:18:17 UTC 2026
Contribution #12 on Sun Sep 20 17:18:17 UTC 2026
Contribution #13 on Sun Sep 20 17:18:17 UTC 2026
Contribution #14 on Sun Sep 20 17:18:17 UTC 2026
Contribution #15 on Sun Sep 20 17:18:17 UTC 2026
Contribution #16 on Sun Sep 20 17:18:17 UTC 2026
Contribution #17 on Sun Sep 20 17:18:17 UTC 2026
Contribution #18 on Sun Sep 20 17:18:17 UTC 2026
Contribution #19 on Sun Sep 20 17:18:18 UTC 2026
Contribution #20 on Sun Sep 20 17:18:18 UTC 2026
Contribution #21 on Sun Sep 20 17:18:18 UTC 2026
Contribution #22 on Sun Sep 20 17:18:18 UTC 2026
Contribution #23 on Sun Sep 20 17:18:18 UTC 2026
Contribution #24 on Sun Sep 20 17:18:18 UTC 2026
Contribution #25 on Sun Sep 20 17:18:18 UTC 2026
Contribution #1 on Sun Sep 20 17:19:31 UTC 2026
Contribution #2 on Sun Sep 20 17:19:31 UTC 2026
Contribution #3 on Sun Sep 20 17:19:31 UTC 2026
Contribution #4 on Sun Sep 20 17:19:31 UTC 2026
Contribution #5 on Sun Sep 20 17:19:31 UTC 2026
Contribution #6 on Sun Sep 20 17:19:32 UTC 2026
Contribution #7 on Sun Sep 20 17:19:32 UTC 2026
Contribution #8 on Sun Sep 20 17:19:32 UTC 2026
Contribution #9 on Sun Sep 20 17:19:32 UTC 2026
Contribution #10 on Sun Sep 20 17:19:32 UTC 2026
Contribution #11 on Sun Sep 20 17:19:32 UTC 2026
Contribution #12 on Sun Sep 20 17:19:32 UTC 2026
Contribution #13 on Sun Sep 20 17:19:32 UTC 2026
Contribution #14 on Sun Sep 20 17:19:32 UTC 2026
Contribution #15 on Sun Sep 20 17:19:32 UTC 2026
Contribution #16 on Sun Sep 20 17:19:32 UTC 2026
Contribution #17 on Sun Sep 20 17:19:32 UTC 2026
Contribution #18 on Sun Sep 20 17:19:32 UTC 2026
Contribution #19 on Sun Sep 20 17:19:32 UTC 2026
Contribution #20 on Sun Sep 20 17:19:32 UTC 2026
Contribution #21 on Sun Sep 20 17:19:32 UTC 2026
Contribution #22 on Sun Sep 20 17:19:32 UTC 2026
Contribution #23 on Sun Sep 20 17:19:32 UTC 2026
Contribution #24 on Sun Sep 20 17:19:32 UTC 2026
Contribution #25 on Sun Sep 20 17:19:32 UTC 2026
Contribution #26 on Sun Sep 20 17:19:32 UTC 2026
Contribution #27 on Sun Sep 20 17:19:32 UTC 2026
Contribution #28 on Sun Sep 20 17:19:32 UTC 2026
Contribution #29 on Sun Sep 20 17:19:32 UTC 2026
Contribution #30 on Sun Sep 20 17:19:32 UTC 2026
Contribution #31 on Sun Sep 20 17:19:32 UTC 2026
Contribution #32 on Sun Sep 20 17:19:32 UTC 2026
Contribution #33 on Sun Sep 20 17:19:32 UTC 2026
Contribution #34 on Sun Sep 20 17:19:32 UTC 2026
Contribution #35 on Sun Sep 20 17:19:32 UTC 2026
Contribution #36 on Sun Sep 20 17:19:32 UTC 2026
Contribution #37 on Sun Sep 20 17:19:32 UTC 2026
Contribution #38 on Sun Sep 20 17:19:32 UTC 2026
Contribution #39 on Sun Sep 20 17:19:32 UTC 2026
Contribution #40 on Sun Sep 20 17:19:32 UTC 2026
Contribution #41 on Sun Sep 20 17:19:32 UTC 2026
Contribution #42 on Sun Sep 20 17:19:32 UTC 2026
Contribution #43 on Sun Sep 20 17:19:32 UTC 2026
Contribution #44 on Sun Sep 20 17:19:32 UTC 2026
Contribution #45 on Sun Sep 20 17:19:32 UTC 2026
Contribution #46 on Sun Sep 20 17:19:32 UTC 2026
Contribution #47 on Sun Sep 20 17:19:32 UTC 2026
Contribution #48 on Sun Sep 20 17:19:32 UTC 2026
Contribution #49 on Sun Sep 20 17:19:32 UTC 2026
Contribution #1 on Mon Sep 21 02:44:44 UTC 2026
Contribution #2 on Mon Sep 21 02:44:44 UTC 2026
Contribution #3 on Mon Sep 21 02:44:44 UTC 2026
Contribution #4 on Mon Sep 21 02:44:44 UTC 2026
Contribution #5 on Mon Sep 21 02:44:44 UTC 2026
Contribution #6 on Mon Sep 21 02:44:44 UTC 2026
Contribution #7 on Mon Sep 21 02:44:44 UTC 2026
Contribution #8 on Mon Sep 21 02:44:44 UTC 2026
Contribution #9 on Mon Sep 21 02:44:44 UTC 2026
Contribution #10 on Mon Sep 21 02:44:44 UTC 2026
Contribution #11 on Mon Sep 21 02:44:44 UTC 2026
Contribution #12 on Mon Sep 21 02:44:44 UTC 2026
Contribution #13 on Mon Sep 21 02:44:44 UTC 2026
Contribution #14 on Mon Sep 21 02:44:44 UTC 2026
Contribution #15 on Mon Sep 21 02:44:44 UTC 2026
Contribution #16 on Mon Sep 21 02:44:44 UTC 2026
Contribution #17 on Mon Sep 21 02:44:44 UTC 2026
Contribution #18 on Mon Sep 21 02:44:44 UTC 2026
Contribution #19 on Mon Sep 21 02:44:44 UTC 2026
Contribution #20 on Mon Sep 21 02:44:44 UTC 2026
Contribution #21 on Mon Sep 21 02:44:44 UTC 2026
Contribution #22 on Mon Sep 21 02:44:44 UTC 2026
Contribution #23 on Mon Sep 21 02:44:44 UTC 2026
Contribution #24 on Mon Sep 21 02:44:44 UTC 2026
Contribution #25 on Mon Sep 21 02:44:44 UTC 2026
Contribution #26 on Mon Sep 21 02:44:44 UTC 2026
Contribution #27 on Mon Sep 21 02:44:44 UTC 2026
Contribution #28 on Mon Sep 21 02:44:44 UTC 2026
Contribution #29 on Mon Sep 21 02:44:44 UTC 2026
Contribution #30 on Mon Sep 21 02:44:44 UTC 2026
Contribution #31 on Mon Sep 21 02:44:44 UTC 2026
Contribution #32 on Mon Sep 21 02:44:44 UTC 2026
Contribution #33 on Mon Sep 21 02:44:44 UTC 2026
Contribution #34 on Mon Sep 21 02:44:44 UTC 2026
Contribution #35 on Mon Sep 21 02:44:44 UTC 2026
Contribution #36 on Mon Sep 21 02:44:44 UTC 2026
Contribution #37 on Mon Sep 21 02:44:44 UTC 2026
Contribution #38 on Mon Sep 21 02:44:45 UTC 2026
Contribution #39 on Mon Sep 21 02:44:45 UTC 2026
Contribution #40 on Mon Sep 21 02:44:45 UTC 2026
Contribution #41 on Mon Sep 21 02:44:45 UTC 2026
Contribution #42 on Mon Sep 21 02:44:45 UTC 2026
Contribution #43 on Mon Sep 21 02:44:45 UTC 2026
Contribution #44 on Mon Sep 21 02:44:45 UTC 2026
Contribution #45 on Mon Sep 21 02:44:45 UTC 2026
Contribution #46 on Mon Sep 21 02:44:45 UTC 2026
Contribution #47 on Mon Sep 21 02:44:45 UTC 2026
Contribution #48 on Mon Sep 21 02:44:45 UTC 2026
Contribution #49 on Mon Sep 21 02:44:45 UTC 2026
Contribution #50 on Mon Sep 21 02:44:45 UTC 2026
Contribution #1 on Mon Sep 21 12:57:25 UTC 2026
Contribution #2 on Mon Sep 21 12:57:25 UTC 2026
Contribution #3 on Mon Sep 21 12:57:25 UTC 2026
Contribution #4 on Mon Sep 21 12:57:25 UTC 2026
Contribution #5 on Mon Sep 21 12:57:25 UTC 2026
Contribution #6 on Mon Sep 21 12:57:25 UTC 2026
Contribution #7 on Mon Sep 21 12:57:25 UTC 2026
Contribution #8 on Mon Sep 21 12:57:25 UTC 2026
Contribution #9 on Mon Sep 21 12:57:25 UTC 2026
Contribution #10 on Mon Sep 21 12:57:25 UTC 2026
Contribution #11 on Mon Sep 21 12:57:25 UTC 2026
Contribution #12 on Mon Sep 21 12:57:25 UTC 2026
Contribution #13 on Mon Sep 21 12:57:25 UTC 2026
Contribution #14 on Mon Sep 21 12:57:25 UTC 2026
Contribution #15 on Mon Sep 21 12:57:25 UTC 2026
Contribution #16 on Mon Sep 21 12:57:25 UTC 2026
Contribution #17 on Mon Sep 21 12:57:25 UTC 2026
Contribution #18 on Mon Sep 21 12:57:25 UTC 2026
Contribution #19 on Mon Sep 21 12:57:25 UTC 2026
Contribution #20 on Mon Sep 21 12:57:25 UTC 2026
Contribution #21 on Mon Sep 21 12:57:25 UTC 2026
Contribution #22 on Mon Sep 21 12:57:25 UTC 2026
Contribution #23 on Mon Sep 21 12:57:25 UTC 2026
Contribution #24 on Mon Sep 21 12:57:25 UTC 2026
Contribution #25 on Mon Sep 21 12:57:25 UTC 2026
Contribution #26 on Mon Sep 21 12:57:25 UTC 2026
Contribution #27 on Mon Sep 21 12:57:25 UTC 2026
Contribution #28 on Mon Sep 21 12:57:25 UTC 2026
Contribution #29 on Mon Sep 21 12:57:25 UTC 2026
Contribution #30 on Mon Sep 21 12:57:25 UTC 2026
Contribution #31 on Mon Sep 21 12:57:25 UTC 2026
Contribution #32 on Mon Sep 21 12:57:25 UTC 2026
Contribution #33 on Mon Sep 21 12:57:25 UTC 2026
Contribution #34 on Mon Sep 21 12:57:25 UTC 2026
Contribution #35 on Mon Sep 21 12:57:25 UTC 2026
Contribution #36 on Mon Sep 21 12:57:25 UTC 2026
Contribution #37 on Mon Sep 21 12:57:25 UTC 2026
Contribution #38 on Mon Sep 21 12:57:25 UTC 2026
Contribution #39 on Mon Sep 21 12:57:25 UTC 2026
Contribution #40 on Mon Sep 21 12:57:25 UTC 2026
Contribution #41 on Mon Sep 21 12:57:25 UTC 2026
Contribution #42 on Mon Sep 21 12:57:25 UTC 2026
Contribution #43 on Mon Sep 21 12:57:25 UTC 2026
Contribution #1 on Mon Sep 21 14:21:59 UTC 2026
Contribution #2 on Mon Sep 21 14:21:59 UTC 2026
Contribution #3 on Mon Sep 21 14:21:59 UTC 2026
Contribution #4 on Mon Sep 21 14:21:59 UTC 2026
Contribution #5 on Mon Sep 21 14:21:59 UTC 2026
Contribution #6 on Mon Sep 21 14:21:59 UTC 2026
Contribution #7 on Mon Sep 21 14:21:59 UTC 2026
Contribution #8 on Mon Sep 21 14:21:59 UTC 2026
Contribution #9 on Mon Sep 21 14:21:59 UTC 2026
Contribution #10 on Mon Sep 21 14:21:59 UTC 2026
Contribution #11 on Mon Sep 21 14:21:59 UTC 2026
Contribution #12 on Mon Sep 21 14:21:59 UTC 2026
Contribution #13 on Mon Sep 21 14:21:59 UTC 2026
Contribution #14 on Mon Sep 21 14:21:59 UTC 2026
Contribution #15 on Mon Sep 21 14:21:59 UTC 2026
Contribution #16 on Mon Sep 21 14:21:59 UTC 2026
Contribution #17 on Mon Sep 21 14:22:00 UTC 2026
Contribution #18 on Mon Sep 21 14:22:00 UTC 2026
Contribution #19 on Mon Sep 21 14:22:00 UTC 2026
Contribution #20 on Mon Sep 21 14:22:00 UTC 2026
Contribution #21 on Mon Sep 21 14:22:00 UTC 2026
Contribution #22 on Mon Sep 21 14:22:00 UTC 2026
Contribution #23 on Mon Sep 21 14:22:00 UTC 2026
Contribution #24 on Mon Sep 21 14:22:00 UTC 2026
Contribution #25 on Mon Sep 21 14:22:00 UTC 2026
Contribution #26 on Mon Sep 21 14:22:00 UTC 2026
Contribution #27 on Mon Sep 21 14:22:00 UTC 2026
Contribution #28 on Mon Sep 21 14:22:00 UTC 2026
Contribution #29 on Mon Sep 21 14:22:00 UTC 2026
Contribution #30 on Mon Sep 21 14:22:00 UTC 2026
Contribution #31 on Mon Sep 21 14:22:00 UTC 2026
Contribution #32 on Mon Sep 21 14:22:00 UTC 2026
Contribution #33 on Mon Sep 21 14:22:00 UTC 2026
Contribution #34 on Mon Sep 21 14:22:00 UTC 2026
Contribution #35 on Mon Sep 21 14:22:00 UTC 2026
Contribution #36 on Mon Sep 21 14:22:00 UTC 2026
Contribution #37 on Mon Sep 21 14:22:00 UTC 2026
Contribution #38 on Mon Sep 21 14:22:00 UTC 2026
Contribution #39 on Mon Sep 21 14:22:00 UTC 2026
Contribution #1 on Mon Sep 21 17:01:21 UTC 2026
Contribution #2 on Mon Sep 21 17:01:21 UTC 2026
Contribution #3 on Mon Sep 21 17:01:21 UTC 2026
Contribution #4 on Mon Sep 21 17:01:21 UTC 2026
Contribution #5 on Mon Sep 21 17:01:21 UTC 2026
Contribution #6 on Mon Sep 21 17:01:21 UTC 2026
Contribution #7 on Mon Sep 21 17:01:21 UTC 2026
Contribution #8 on Mon Sep 21 17:01:21 UTC 2026
Contribution #9 on Mon Sep 21 17:01:21 UTC 2026
Contribution #10 on Mon Sep 21 17:01:21 UTC 2026
Contribution #11 on Mon Sep 21 17:01:21 UTC 2026
Contribution #12 on Mon Sep 21 17:01:21 UTC 2026
Contribution #13 on Mon Sep 21 17:01:21 UTC 2026
Contribution #14 on Mon Sep 21 17:01:21 UTC 2026
Contribution #15 on Mon Sep 21 17:01:21 UTC 2026
Contribution #16 on Mon Sep 21 17:01:21 UTC 2026
Contribution #17 on Mon Sep 21 17:01:21 UTC 2026
Contribution #18 on Mon Sep 21 17:01:21 UTC 2026
Contribution #19 on Mon Sep 21 17:01:21 UTC 2026
Contribution #20 on Mon Sep 21 17:01:21 UTC 2026
Contribution #21 on Mon Sep 21 17:01:21 UTC 2026
Contribution #22 on Mon Sep 21 17:01:21 UTC 2026
Contribution #23 on Mon Sep 21 17:01:21 UTC 2026
Contribution #1 on Mon Sep 21 17:20:07 UTC 2026
Contribution #2 on Mon Sep 21 17:20:07 UTC 2026
Contribution #3 on Mon Sep 21 17:20:07 UTC 2026
Contribution #4 on Mon Sep 21 17:20:07 UTC 2026
Contribution #5 on Mon Sep 21 17:20:07 UTC 2026
Contribution #6 on Mon Sep 21 17:20:07 UTC 2026
Contribution #7 on Mon Sep 21 17:20:07 UTC 2026
Contribution #8 on Mon Sep 21 17:20:07 UTC 2026
Contribution #9 on Mon Sep 21 17:20:07 UTC 2026
Contribution #10 on Mon Sep 21 17:20:07 UTC 2026
Contribution #11 on Mon Sep 21 17:20:07 UTC 2026
Contribution #12 on Mon Sep 21 17:20:07 UTC 2026
Contribution #13 on Mon Sep 21 17:20:07 UTC 2026
Contribution #14 on Mon Sep 21 17:20:07 UTC 2026
Contribution #15 on Mon Sep 21 17:20:07 UTC 2026
Contribution #16 on Mon Sep 21 17:20:07 UTC 2026
Contribution #17 on Mon Sep 21 17:20:07 UTC 2026
Contribution #18 on Mon Sep 21 17:20:07 UTC 2026
Contribution #19 on Mon Sep 21 17:20:07 UTC 2026
Contribution #20 on Mon Sep 21 17:20:07 UTC 2026
Contribution #1 on Mon Sep 21 17:26:02 UTC 2026
Contribution #2 on Mon Sep 21 17:26:02 UTC 2026
Contribution #3 on Mon Sep 21 17:26:02 UTC 2026
Contribution #4 on Mon Sep 21 17:26:02 UTC 2026
Contribution #5 on Mon Sep 21 17:26:02 UTC 2026
Contribution #6 on Mon Sep 21 17:26:02 UTC 2026
Contribution #7 on Mon Sep 21 17:26:02 UTC 2026
Contribution #8 on Mon Sep 21 17:26:02 UTC 2026
Contribution #9 on Mon Sep 21 17:26:02 UTC 2026
Contribution #10 on Mon Sep 21 17:26:02 UTC 2026
Contribution #11 on Mon Sep 21 17:26:02 UTC 2026
Contribution #12 on Mon Sep 21 17:26:02 UTC 2026
Contribution #13 on Mon Sep 21 17:26:02 UTC 2026
Contribution #14 on Mon Sep 21 17:26:02 UTC 2026
Contribution #15 on Mon Sep 21 17:26:02 UTC 2026
Contribution #16 on Mon Sep 21 17:26:02 UTC 2026
Contribution #17 on Mon Sep 21 17:26:02 UTC 2026
Contribution #18 on Mon Sep 21 17:26:02 UTC 2026
Contribution #19 on Mon Sep 21 17:26:02 UTC 2026
Contribution #20 on Mon Sep 21 17:26:02 UTC 2026
Contribution #21 on Mon Sep 21 17:26:02 UTC 2026
Contribution #22 on Mon Sep 21 17:26:02 UTC 2026
Contribution #23 on Mon Sep 21 17:26:02 UTC 2026
Contribution #24 on Mon Sep 21 17:26:02 UTC 2026
Contribution #25 on Mon Sep 21 17:26:02 UTC 2026
Contribution #26 on Mon Sep 21 17:26:02 UTC 2026
Contribution #27 on Mon Sep 21 17:26:02 UTC 2026
Contribution #28 on Mon Sep 21 17:26:02 UTC 2026
Contribution #29 on Mon Sep 21 17:26:02 UTC 2026
Contribution #30 on Mon Sep 21 17:26:02 UTC 2026
Contribution #31 on Mon Sep 21 17:26:02 UTC 2026
Contribution #32 on Mon Sep 21 17:26:02 UTC 2026
Contribution #33 on Mon Sep 21 17:26:02 UTC 2026
Contribution #34 on Mon Sep 21 17:26:02 UTC 2026
Contribution #35 on Mon Sep 21 17:26:02 UTC 2026
Contribution #36 on Mon Sep 21 17:26:02 UTC 2026
Contribution #37 on Mon Sep 21 17:26:02 UTC 2026
Contribution #38 on Mon Sep 21 17:26:02 UTC 2026
Contribution #39 on Mon Sep 21 17:26:02 UTC 2026
Contribution #40 on Mon Sep 21 17:26:02 UTC 2026
Contribution #41 on Mon Sep 21 17:26:02 UTC 2026
Contribution #42 on Mon Sep 21 17:26:02 UTC 2026
Contribution #43 on Mon Sep 21 17:26:02 UTC 2026
Contribution #44 on Mon Sep 21 17:26:02 UTC 2026
Contribution #45 on Mon Sep 21 17:26:02 UTC 2026
Contribution #46 on Mon Sep 21 17:26:02 UTC 2026
Contribution #47 on Mon Sep 21 17:26:02 UTC 2026
Contribution #48 on Mon Sep 21 17:26:02 UTC 2026
Contribution #49 on Mon Sep 21 17:26:02 UTC 2026
Contribution #50 on Mon Sep 21 17:26:02 UTC 2026
Contribution #51 on Mon Sep 21 17:26:02 UTC 2026
Contribution #52 on Mon Sep 21 17:26:02 UTC 2026
Contribution #53 on Mon Sep 21 17:26:02 UTC 2026
Contribution #54 on Mon Sep 21 17:26:02 UTC 2026
Contribution #55 on Mon Sep 21 17:26:02 UTC 2026
Contribution #56 on Mon Sep 21 17:26:02 UTC 2026
Contribution #57 on Mon Sep 21 17:26:02 UTC 2026
Contribution #58 on Mon Sep 21 17:26:02 UTC 2026
Contribution #1 on Tue Sep 22 02:45:43 UTC 2026
Contribution #2 on Tue Sep 22 02:45:43 UTC 2026
Contribution #3 on Tue Sep 22 02:45:43 UTC 2026
Contribution #4 on Tue Sep 22 02:45:43 UTC 2026
Contribution #5 on Tue Sep 22 02:45:43 UTC 2026
Contribution #6 on Tue Sep 22 02:45:43 UTC 2026
Contribution #7 on Tue Sep 22 02:45:43 UTC 2026
Contribution #8 on Tue Sep 22 02:45:43 UTC 2026
Contribution #9 on Tue Sep 22 02:45:43 UTC 2026
Contribution #10 on Tue Sep 22 02:45:43 UTC 2026
Contribution #11 on Tue Sep 22 02:45:43 UTC 2026
Contribution #12 on Tue Sep 22 02:45:43 UTC 2026
Contribution #13 on Tue Sep 22 02:45:43 UTC 2026
Contribution #14 on Tue Sep 22 02:45:43 UTC 2026
Contribution #15 on Tue Sep 22 02:45:43 UTC 2026
Contribution #16 on Tue Sep 22 02:45:43 UTC 2026
Contribution #17 on Tue Sep 22 02:45:43 UTC 2026
Contribution #1 on Wed Sep 23 04:20:31 UTC 2026
Contribution #2 on Wed Sep 23 04:20:31 UTC 2026
Contribution #3 on Wed Sep 23 04:20:31 UTC 2026
Contribution #4 on Wed Sep 23 04:20:31 UTC 2026
Contribution #5 on Wed Sep 23 04:20:31 UTC 2026
Contribution #6 on Wed Sep 23 04:20:31 UTC 2026
Contribution #7 on Wed Sep 23 04:20:31 UTC 2026
Contribution #8 on Wed Sep 23 04:20:31 UTC 2026
Contribution #9 on Wed Sep 23 04:20:31 UTC 2026
Contribution #10 on Wed Sep 23 04:20:31 UTC 2026
Contribution #11 on Wed Sep 23 04:20:31 UTC 2026
Contribution #12 on Wed Sep 23 04:20:31 UTC 2026
Contribution #13 on Wed Sep 23 04:20:32 UTC 2026
Contribution #14 on Wed Sep 23 04:20:32 UTC 2026
Contribution #15 on Wed Sep 23 04:20:32 UTC 2026
Contribution #16 on Wed Sep 23 04:20:32 UTC 2026
Contribution #17 on Wed Sep 23 04:20:32 UTC 2026
Contribution #18 on Wed Sep 23 04:20:32 UTC 2026
Contribution #19 on Wed Sep 23 04:20:32 UTC 2026
Contribution #20 on Wed Sep 23 04:20:32 UTC 2026
Contribution #21 on Wed Sep 23 04:20:32 UTC 2026
Contribution #22 on Wed Sep 23 04:20:32 UTC 2026
Contribution #23 on Wed Sep 23 04:20:32 UTC 2026
Contribution #24 on Wed Sep 23 04:20:32 UTC 2026
Contribution #25 on Wed Sep 23 04:20:32 UTC 2026
Contribution #26 on Wed Sep 23 04:20:32 UTC 2026
Contribution #27 on Wed Sep 23 04:20:32 UTC 2026
Contribution #28 on Wed Sep 23 04:20:32 UTC 2026
Contribution #29 on Wed Sep 23 04:20:32 UTC 2026
Contribution #30 on Wed Sep 23 04:20:32 UTC 2026
Contribution #31 on Wed Sep 23 04:20:32 UTC 2026
Contribution #32 on Wed Sep 23 04:20:32 UTC 2026
Contribution #33 on Wed Sep 23 04:20:32 UTC 2026
Contribution #34 on Wed Sep 23 04:20:32 UTC 2026
Contribution #35 on Wed Sep 23 04:20:32 UTC 2026
Contribution #36 on Wed Sep 23 04:20:32 UTC 2026
Contribution #37 on Wed Sep 23 04:20:32 UTC 2026
Contribution #38 on Wed Sep 23 04:20:32 UTC 2026
Contribution #39 on Wed Sep 23 04:20:32 UTC 2026
Contribution #40 on Wed Sep 23 04:20:32 UTC 2026
Contribution #41 on Wed Sep 23 04:20:32 UTC 2026
Contribution #42 on Wed Sep 23 04:20:32 UTC 2026
Contribution #43 on Wed Sep 23 04:20:32 UTC 2026
Contribution #44 on Wed Sep 23 04:20:32 UTC 2026
Contribution #45 on Wed Sep 23 04:20:32 UTC 2026
Contribution #46 on Wed Sep 23 04:20:32 UTC 2026
Contribution #47 on Wed Sep 23 04:20:32 UTC 2026
Contribution #1 on Thu Sep 24 04:16:54 UTC 2026
Contribution #2 on Thu Sep 24 04:16:54 UTC 2026
Contribution #3 on Thu Sep 24 04:16:54 UTC 2026
Contribution #4 on Thu Sep 24 04:16:54 UTC 2026
Contribution #5 on Thu Sep 24 04:16:54 UTC 2026
Contribution #6 on Thu Sep 24 04:16:54 UTC 2026
Contribution #7 on Thu Sep 24 04:16:54 UTC 2026
Contribution #8 on Thu Sep 24 04:16:54 UTC 2026
Contribution #9 on Thu Sep 24 04:16:54 UTC 2026
Contribution #10 on Thu Sep 24 04:16:54 UTC 2026
Contribution #11 on Thu Sep 24 04:16:54 UTC 2026
Contribution #12 on Thu Sep 24 04:16:54 UTC 2026
Contribution #13 on Thu Sep 24 04:16:54 UTC 2026
Contribution #14 on Thu Sep 24 04:16:54 UTC 2026
Contribution #15 on Thu Sep 24 04:16:54 UTC 2026
Contribution #16 on Thu Sep 24 04:16:54 UTC 2026
Contribution #17 on Thu Sep 24 04:16:54 UTC 2026
Contribution #18 on Thu Sep 24 04:16:54 UTC 2026
Contribution #19 on Thu Sep 24 04:16:54 UTC 2026
Contribution #1 on Fri Sep 25 04:29:18 UTC 2026
Contribution #2 on Fri Sep 25 04:29:18 UTC 2026
Contribution #3 on Fri Sep 25 04:29:18 UTC 2026
Contribution #4 on Fri Sep 25 04:29:18 UTC 2026
Contribution #5 on Fri Sep 25 04:29:18 UTC 2026
Contribution #6 on Fri Sep 25 04:29:18 UTC 2026
Contribution #7 on Fri Sep 25 04:29:18 UTC 2026
Contribution #8 on Fri Sep 25 04:29:18 UTC 2026
Contribution #9 on Fri Sep 25 04:29:18 UTC 2026
Contribution #10 on Fri Sep 25 04:29:18 UTC 2026
Contribution #11 on Fri Sep 25 04:29:18 UTC 2026
Contribution #12 on Fri Sep 25 04:29:18 UTC 2026
Contribution #13 on Fri Sep 25 04:29:18 UTC 2026
Contribution #14 on Fri Sep 25 04:29:18 UTC 2026
Contribution #15 on Fri Sep 25 04:29:18 UTC 2026
Contribution #16 on Fri Sep 25 04:29:18 UTC 2026
Contribution #17 on Fri Sep 25 04:29:18 UTC 2026
Contribution #18 on Fri Sep 25 04:29:18 UTC 2026
Contribution #19 on Fri Sep 25 04:29:18 UTC 2026
Contribution #20 on Fri Sep 25 04:29:18 UTC 2026
Contribution #21 on Fri Sep 25 04:29:18 UTC 2026
Contribution #22 on Fri Sep 25 04:29:18 UTC 2026
Contribution #23 on Fri Sep 25 04:29:18 UTC 2026
Contribution #24 on Fri Sep 25 04:29:18 UTC 2026
Contribution #25 on Fri Sep 25 04:29:18 UTC 2026
Contribution #26 on Fri Sep 25 04:29:18 UTC 2026
Contribution #27 on Fri Sep 25 04:29:18 UTC 2026
Contribution #28 on Fri Sep 25 04:29:18 UTC 2026
Contribution #29 on Fri Sep 25 04:29:18 UTC 2026
Contribution #1 on Sat Sep 26 04:33:14 UTC 2026
Contribution #2 on Sat Sep 26 04:33:14 UTC 2026
Contribution #3 on Sat Sep 26 04:33:14 UTC 2026
Contribution #4 on Sat Sep 26 04:33:14 UTC 2026
Contribution #5 on Sat Sep 26 04:33:14 UTC 2026
Contribution #6 on Sat Sep 26 04:33:14 UTC 2026
Contribution #7 on Sat Sep 26 04:33:14 UTC 2026
Contribution #8 on Sat Sep 26 04:33:14 UTC 2026
Contribution #9 on Sat Sep 26 04:33:14 UTC 2026
Contribution #10 on Sat Sep 26 04:33:14 UTC 2026
Contribution #11 on Sat Sep 26 04:33:14 UTC 2026
Contribution #12 on Sat Sep 26 04:33:14 UTC 2026
Contribution #13 on Sat Sep 26 04:33:14 UTC 2026
Contribution #14 on Sat Sep 26 04:33:14 UTC 2026
Contribution #15 on Sat Sep 26 04:33:14 UTC 2026
Contribution #16 on Sat Sep 26 04:33:14 UTC 2026
Contribution #17 on Sat Sep 26 04:33:14 UTC 2026
Contribution #18 on Sat Sep 26 04:33:14 UTC 2026
Contribution #19 on Sat Sep 26 04:33:14 UTC 2026
Contribution #20 on Sat Sep 26 04:33:14 UTC 2026
Contribution #21 on Sat Sep 26 04:33:14 UTC 2026
Contribution #22 on Sat Sep 26 04:33:14 UTC 2026
Contribution #23 on Sat Sep 26 04:33:14 UTC 2026
Contribution #24 on Sat Sep 26 04:33:14 UTC 2026
Contribution #25 on Sat Sep 26 04:33:14 UTC 2026
Contribution #26 on Sat Sep 26 04:33:14 UTC 2026
Contribution #27 on Sat Sep 26 04:33:14 UTC 2026
Contribution #28 on Sat Sep 26 04:33:14 UTC 2026
Contribution #29 on Sat Sep 26 04:33:14 UTC 2026
Contribution #30 on Sat Sep 26 04:33:14 UTC 2026
Contribution #31 on Sat Sep 26 04:33:14 UTC 2026
Contribution #32 on Sat Sep 26 04:33:14 UTC 2026
Contribution #33 on Sat Sep 26 04:33:14 UTC 2026
Contribution #34 on Sat Sep 26 04:33:14 UTC 2026
Contribution #35 on Sat Sep 26 04:33:14 UTC 2026
Contribution #36 on Sat Sep 26 04:33:14 UTC 2026
Contribution #37 on Sat Sep 26 04:33:14 UTC 2026
Contribution #38 on Sat Sep 26 04:33:15 UTC 2026
Contribution #39 on Sat Sep 26 04:33:15 UTC 2026
Contribution #40 on Sat Sep 26 04:33:15 UTC 2026
Contribution #41 on Sat Sep 26 04:33:15 UTC 2026
Contribution #42 on Sat Sep 26 04:33:15 UTC 2026
Contribution #43 on Sat Sep 26 04:33:15 UTC 2026
Contribution #44 on Sat Sep 26 04:33:15 UTC 2026
Contribution #45 on Sat Sep 26 04:33:15 UTC 2026
Contribution #46 on Sat Sep 26 04:33:15 UTC 2026
Contribution #47 on Sat Sep 26 04:33:15 UTC 2026
Contribution #48 on Sat Sep 26 04:33:15 UTC 2026
Contribution #49 on Sat Sep 26 04:33:15 UTC 2026
Contribution #50 on Sat Sep 26 04:33:15 UTC 2026
Contribution #51 on Sat Sep 26 04:33:15 UTC 2026
Contribution #52 on Sat Sep 26 04:33:15 UTC 2026
Contribution #53 on Sat Sep 26 04:33:15 UTC 2026
Contribution #54 on Sat Sep 26 04:33:15 UTC 2026
Contribution #55 on Sat Sep 26 04:33:15 UTC 2026
Contribution #56 on Sat Sep 26 04:33:15 UTC 2026
Contribution #1 on Sun Sep 27 04:51:48 UTC 2026
Contribution #2 on Sun Sep 27 04:51:48 UTC 2026
Contribution #3 on Sun Sep 27 04:51:48 UTC 2026
Contribution #4 on Sun Sep 27 04:51:48 UTC 2026
Contribution #5 on Sun Sep 27 04:51:48 UTC 2026
Contribution #6 on Sun Sep 27 04:51:48 UTC 2026
Contribution #7 on Sun Sep 27 04:51:48 UTC 2026
Contribution #8 on Sun Sep 27 04:51:48 UTC 2026
Contribution #9 on Sun Sep 27 04:51:48 UTC 2026
Contribution #10 on Sun Sep 27 04:51:48 UTC 2026
Contribution #11 on Sun Sep 27 04:51:48 UTC 2026
Contribution #12 on Sun Sep 27 04:51:48 UTC 2026
Contribution #13 on Sun Sep 27 04:51:48 UTC 2026
Contribution #14 on Sun Sep 27 04:51:48 UTC 2026
Contribution #15 on Sun Sep 27 04:51:48 UTC 2026
Contribution #16 on Sun Sep 27 04:51:48 UTC 2026
Contribution #17 on Sun Sep 27 04:51:48 UTC 2026
Contribution #18 on Sun Sep 27 04:51:48 UTC 2026
Contribution #19 on Sun Sep 27 04:51:48 UTC 2026
Contribution #20 on Sun Sep 27 04:51:48 UTC 2026
Contribution #21 on Sun Sep 27 04:51:48 UTC 2026
Contribution #22 on Sun Sep 27 04:51:48 UTC 2026
Contribution #23 on Sun Sep 27 04:51:48 UTC 2026
Contribution #24 on Sun Sep 27 04:51:48 UTC 2026
Contribution #25 on Sun Sep 27 04:51:48 UTC 2026
Contribution #26 on Sun Sep 27 04:51:48 UTC 2026
Contribution #27 on Sun Sep 27 04:51:48 UTC 2026
Contribution #28 on Sun Sep 27 04:51:48 UTC 2026
Contribution #29 on Sun Sep 27 04:51:48 UTC 2026
Contribution #30 on Sun Sep 27 04:51:48 UTC 2026
Contribution #31 on Sun Sep 27 04:51:48 UTC 2026
Contribution #32 on Sun Sep 27 04:51:48 UTC 2026
Contribution #33 on Sun Sep 27 04:51:48 UTC 2026
Contribution #34 on Sun Sep 27 04:51:48 UTC 2026
Contribution #35 on Sun Sep 27 04:51:49 UTC 2026
Contribution #36 on Sun Sep 27 04:51:49 UTC 2026
Contribution #37 on Sun Sep 27 04:51:49 UTC 2026
Contribution #38 on Sun Sep 27 04:51:49 UTC 2026
Contribution #39 on Sun Sep 27 04:51:49 UTC 2026
Contribution #40 on Sun Sep 27 04:51:49 UTC 2026
Contribution #41 on Sun Sep 27 04:51:49 UTC 2026
Contribution #42 on Sun Sep 27 04:51:49 UTC 2026
Contribution #43 on Sun Sep 27 04:51:49 UTC 2026
Contribution #44 on Sun Sep 27 04:51:49 UTC 2026
Contribution #45 on Sun Sep 27 04:51:49 UTC 2026
Contribution #46 on Sun Sep 27 04:51:49 UTC 2026
Contribution #47 on Sun Sep 27 04:51:49 UTC 2026
Contribution #\(i on\)(date)
Contribution #\(i on\)(date)
Contribution #\(i on\)(date)
Contribution #\(i on\)(date)
Contribution #\(i on\)(date)
Contribution #\(i on\)(date)
Contribution #\(i on\)(date)
Contribution #\(i on\)(date)
Contribution #\(i on\)(date)
Contribution #\(i on\)(date)
Contribution #\(i on\)(date)
Contribution #\(i on\)(date)
Contribution #\(i on\)(date)
Contribution #\(i on\)(date)
Contribution #\(i on\)(date)
Contribution #\(i on\)(date)
Contribution #\(i on\)(date)
Contribution #\(i on\)(date)
Contribution #\(i on\)(date)
Contribution #\(i on\)(date)
Contribution #\(i on\)(date)
Contribution #\(i on\)(date)
Contribution #\(i on\)(date)
Contribution #\(i on\)(date)
Contribution #\(i on\)(date)
Contribution #\(i on\)(date)
Contribution #\(i on\)(date)
Contribution #\(i on\)(date)
Contribution #\(i on\)(date)
Contribution #\(i on\)(date)
Contribution #\(i on\)(date)
Contribution #\(i on\)(date)
Contribution #\(i on\)(date)
Contribution #\(i on\)(date)
Contribution #\(i on\)(date)
Contribution #\(i on\)(date)
Contribution #\(i on\)(date)
Contribution #\(i on\)(date)
Contribution #\(i on\)(date)
Contribution #\(i on\)(date)
Contribution #\(i on\)(date)
Contribution #\(i on\)(date)
Contribution #\(i on\)(date)
Contribution #\(i on\)(date)
Contribution #\(i on\)(date)
Contribution #\(i on\)(date)
Contribution #\(i on\)(date)
Contribution #\(i on\)(date)
Contribution #\(i on\)(date)
Contribution #\(i on\)(date)
Contribution #\(i on\)(date)
Contribution #\(i on\)(date)
Contribution #\(i on\)(date)
Contribution #\(i on\)(date)
Contribution #\(i on\)(date)
Contribution #\(i on\)(date)
Contribution #\(i on\)(date)
Contribution #\(i on\)(date)
Contribution #\(i on\)(date)
Contribution #\(i on\)(date)
Contribution #\(i on\)(date)
Contribution #\(i on\)(date)
Contribution #\(i on\)(date)
Contribution #\(i on\)(date)
Contribution #\(i on\)(date)
Contribution #\(i on\)(date)
Contribution #\(i on\)(date)
Contribution #\(i on\)(date)
Contribution #\(i on\)(date)
Contribution #\(i on\)(date)
Contribution #\(i on\)(date)
Contribution #\(i on\)(date)
Contribution #\(i on\)(date)
Contribution #\(i on\)(date)
Contribution #\(i on\)(date)
Contribution #\(i on\)(date)
Contribution #\(i on\)(date)
Contribution #\(i on\)(date)
Contribution #\(i on\)(date)
Contribution #\(i on\)(date)
Contribution #\(i on\)(date)
Contribution #\(i on\)(date)
Contribution #\(i on\)(date)
Contribution #\(i on\)(date)
Contribution #\(i on\)(date)
Contribution #\(i on\)(date)
Contribution #\(i on\)(date)
Contribution #\(i on\)(date)
Contribution #\(i on\)(date)
Contribution #\(i on\)(date)
Contribution #\(i on\)(date)
Contribution #\(i on\)(date)
Contribution #\(i on\)(date)
Contribution #\(i on\)(date)
Contribution #\(i on\)(date)
Contribution #\(i on\)(date)
Contribution #\(i on\)(date)
Contribution #\(i on\)(date)
Contribution #\(i on\)(date)
Contribution #\(i on\)(date)
Contribution #\(i on\)(date)
Contribution #\(i on\)(date)
Contribution #\(i on\)(date)
Contribution #\(i on\)(date)
Contribution #\(i on\)(date)
Contribution #\(i on\)(date)
Contribution #\(i on\)(date)
Contribution #\(i on\)(date)
Contribution #\(i on\)(date)
Contribution #\(i on\)(date)
Contribution #\(i on\)(date)
Contribution #\(i on\)(date)
Contribution #\(i on\)(date)
Contribution #\(i on\)(date)
Contribution #\(i on\)(date)
Contribution #\(i on\)(date)
Contribution #\(i on\)(date)
Contribution #\(i on\)(date)
Contribution #\(i on\)(date)
Contribution #\(i on\)(date)
Contribution #\(i on\)(date)
Contribution #\(i on\)(date)
Contribution #\(i on\)(date)
Contribution #\(i on\)(date)
Contribution #\(i on\)(date)
Contribution #\(i on\)(date)
Contribution #\(i on\)(date)
Contribution #\(i on\)(date)
Contribution #\(i on\)(date)
Contribution #\(i on\)(date)
Contribution #\(i on\)(date)
Contribution #\(i on\)(date)
Contribution #\(i on\)(date)
Contribution #\(i on\)(date)
Contribution #\(i on\)(date)
Contribution #\(i on\)(date)
Contribution #\(i on\)(date)
Contribution #\(i on\)(date)
Contribution #\(i on\)(date)
Contribution #\(i on\)(date)
Contribution #\(i on\)(date)
Contribution #\(i on\)(date)
Contribution #\(i on\)(date)
Contribution #\(i on\)(date)
Contribution #\(i on\)(date)
Contribution #\(i on\)(date)
Contribution #\(i on\)(date)
Contribution #\(i on\)(date)
Contribution #\(i on\)(date)
Contribution #\(i on\)(date)
Contribution #\(i on\)(date)
Contribution #\(i on\)(date)
Contribution #\(i on\)(date)
Contribution #\(i on\)(date)
Contribution #\(i on\)(date)
Contribution #\(i on\)(date)
Contribution #\(i on\)(date)
Contribution #\(i on\)(date)
Contribution #\(i on\)(date)
Contribution #\(i on\)(date)
Contribution #\(i on\)(date)
Contribution #\(i on\)(date)
Contribution #\(i on\)(date)
Contribution #\(i on\)(date)
Contribution #\(i on\)(date)
Contribution #\(i on\)(date)
Contribution #\(i on\)(date)
Contribution #\(i on\)(date)
Contribution #\(i on\)(date)
Contribution #\(i on\)(date)
Contribution #\(i on\)(date)
Contribution #\(i on\)(date)
Contribution #\(i on\)(date)
Contribution #\(i on\)(date)
Contribution #\(i on\)(date)
Contribution #\(i on\)(date)
Contribution #\(i on\)(date)
Contribution #\(i on\)(date)
Contribution #\(i on\)(date)
Contribution #\(i on\)(date)
Contribution #\(i on\)(date)
Contribution #\(i on\)(date)
Contribution #\(i on\)(date)
Contribution #\(i on\)(date)
Contribution #\(i on\)(date)
Contribution #\(i on\)(date)
Contribution #\(i on\)(date)
Contribution #\(i on\)(date)
Contribution #\(i on\)(date)
Contribution #\(i on\)(date)
Contribution #\(i on\)(date)
Contribution #\(i on\)(date)
Contribution #\(i on\)(date)
Contribution #\(i on\)(date)
Contribution #\(i on\)(date)
Contribution #\(i on\)(date)
Contribution #\(i on\)(date)
Contribution #\(i on\)(date)
Contribution #\(i on\)(date)
Contribution #\(i on\)(date)
Contribution #\(i on\)(date)
Contribution #\(i on\)(date)
Contribution #\(i on\)(date)
Contribution #\(i on\)(date)
Contribution #\(i on\)(date)
Contribution #\(i on\)(date)
Contribution #\(i on\)(date)
Contribution #\(i on\)(date)
Contribution #\(i on\)(date)
Contribution #\(i on\)(date)
Contribution #\(i on\)(date)
Contribution #\(i on\)(date)
Contribution #\(i on\)(date)
Contribution #\(i on\)(date)
Contribution #\(i on\)(date)
Contribution #\(i on\)(date)
Contribution #\(i on\)(date)
Contribution #\(i on\)(date)
Contribution #\(i on\)(date)
Contribution #\(i on\)(date)
Contribution #\(i on\)(date)
Contribution #\(i on\)(date)
Contribution #\(i on\)(date)
Contribution #\(i on\)(date)
Contribution #\(i on\)(date)
Contribution #\(i on\)(date)
Contribution #\(i on\)(date)
Contribution #\(i on\)(date)
Contribution #\(i on\)(date)
Contribution #\(i on\)(date)
Contribution #\(i on\)(date)
Contribution #\(i on\)(date)
Contribution #\(i on\)(date)
Contribution #\(i on\)(date)
Contribution #\(i on\)(date)
Contribution #\(i on\)(date)
Contribution #\(i on\)(date)
Contribution #\(i on\)(date)
Contribution #\(i on\)(date)
Contribution #\(i on\)(date)
Contribution #\(i on\)(date)
Contribution #\(i on\)(date)
Contribution #\(i on\)(date)
Contribution #\(i on\)(date)
Contribution #\(i on\)(date)
Contribution #\(i on\)(date)
Contribution #\(i on\)(date)
Contribution #\(i on\)(date)
Contribution #\(i on\)(date)
Contribution #\(i on\)(date)
Contribution #\(i on\)(date)
Contribution #\(i on\)(date)
Contribution #\(i on\)(date)
Contribution #\(i on\)(date)
Contribution #\(i on\)(date)
Contribution #\(i on\)(date)
Contribution #\(i on\)(date)
Contribution #\(i on\)(date)
Contribution #\(i on\)(date)
Contribution #\(i on\)(date)
Contribution #\(i on\)(date)
Contribution #\(i on\)(date)
Contribution #\(i on\)(date)
Contribution #\(i on\)(date)
Contribution #\(i on\)(date)
Contribution #\(i on\)(date)
Contribution #\(i on\)(date)
Contribution #\(i on\)(date)
Contribution #\(i on\)(date)
Contribution #\(i on\)(date)
Contribution #\(i on\)(date)
Contribution #\(i on\)(date)
Contribution #\(i on\)(date)
Contribution #\(i on\)(date)
Contribution #\(i on\)(date)
Contribution #\(i on\)(date)
Contribution #\(i on\)(date)
Contribution #\(i on\)(date)
Contribution #\(i on\)(date)
Contribution #\(i on\)(date)
Contribution #\(i on\)(date)
Contribution #\(i on\)(date)
Contribution #\(i on\)(date)
Contribution #\(i on\)(date)
Contribution #\(i on\)(date)
Contribution #\(i on\)(date)
Contribution #\(i on\)(date)
Contribution #\(i on\)(date)
Contribution #\(i on\)(date)
Contribution #\(i on\)(date)
Contribution #\(i on\)(date)
Contribution #\(i on\)(date)
Contribution #\(i on\)(date)
Contribution #\(i on\)(date)
Contribution #\(i on\)(date)
Contribution #\(i on\)(date)
Contribution #\(i on\)(date)
Contribution #\(i on\)(date)
Contribution #\(i on\)(date)
Contribution #\(i on\)(date)
Contribution #\(i on\)(date)
Contribution #\(i on\)(date)
Contribution #\(i on\)(date)
Contribution #\(i on\)(date)
Contribution #\(i on\)(date)
Contribution #\(i on\)(date)
Contribution #\(i on\)(date)
Contribution #\(i on\)(date)
Contribution #\(i on\)(date)
Contribution #\(i on\)(date)
Contribution #\(i on\)(date)
Contribution #\(i on\)(date)
Contribution #\(i on\)(date)
Contribution #\(i on\)(date)
Contribution #\(i on\)(date)
Contribution #\(i on\)(date)
Contribution #\(i on\)(date)
Contribution #\(i on\)(date)
Contribution #\(i on\)(date)
Contribution #\(i on\)(date)
Contribution #\(i on\)(date)
Contribution #\(i on\)(date)
Contribution #\(i on\)(date)
Contribution #\(i on\)(date)
Contribution #\(i on\)(date)
Contribution #\(i on\)(date)
Contribution #\(i on\)(date)
Contribution #\(i on\)(date)
Contribution #\(i on\)(date)
Contribution #\(i on\)(date)
Contribution #\(i on\)(date)
Contribution #\(i on\)(date)
Contribution #\(i on\)(date)
Contribution #\(i on\)(date)
Contribution #\(i on\)(date)
Contribution #\(i on\)(date)
Contribution #\(i on\)(date)
Contribution #\(i on\)(date)
Contribution #\(i on\)(date)
Contribution #\(i on\)(date)
Contribution #\(i on\)(date)
Contribution #\(i on\)(date)
Contribution #\(i on\)(date)
Contribution #\(i on\)(date)
Contribution #\(i on\)(date)
Contribution #\(i on\)(date)
Contribution #\(i on\)(date)
Contribution #\(i on\)(date)
Contribution #\(i on\)(date)
Contribution #\(i on\)(date)
Contribution #\(i on\)(date)
Contribution #\(i on\)(date)
Contribution #\(i on\)(date)
Contribution #\(i on\)(date)
Contribution #\(i on\)(date)
Contribution #\(i on\)(date)
Contribution #\(i on\)(date)
Contribution #\(i on\)(date)
Contribution #\(i on\)(date)
Contribution #\(i on\)(date)
Contribution #\(i on\)(date)
Contribution #\(i on\)(date)
Contribution #\(i on\)(date)
Contribution #\(i on\)(date)
Contribution #\(i on\)(date)
Contribution #\(i on\)(date)
Contribution #\(i on\)(date)
Contribution #\(i on\)(date)
Contribution #\(i on\)(date)
Contribution #\(i on\)(date)
Contribution #\(i on\)(date)
Contribution #\(i on\)(date)
Contribution #\(i on\)(date)
Contribution #\(i on\)(date)
Contribution #\(i on\)(date)
Contribution #\(i on\)(date)
Contribution #\(i on\)(date)
Contribution #\(i on\)(date)
Contribution #\(i on\)(date)
Contribution #\(i on\)(date)
Contribution #\(i on\)(date)
Contribution #\(i on\)(date)
Contribution #\(i on\)(date)
Contribution #\(i on\)(date)
Contribution #\(i on\)(date)
Contribution #\(i on\)(date)
Contribution #\(i on\)(date)
Contribution #\(i on\)(date)
Contribution #\(i on\)(date)
Contribution #\(i on\)(date)
Contribution #\(i on\)(date)
Contribution #\(i on\)(date)
Contribution #\(i on\)(date)
Contribution #\(i on\)(date)
Contribution #\(i on\)(date)
Contribution #\(i on\)(date)
Contribution #\(i on\)(date)
Contribution #\(i on\)(date)
Contribution #\(i on\)(date)
Contribution #\(i on\)(date)
Contribution #\(i on\)(date)
Contribution #\(i on\)(date)
Contribution #\(i on\)(date)
Contribution #\(i on\)(date)
Contribution #\(i on\)(date)
Contribution #\(i on\)(date)
Contribution #\(i on\)(date)
Contribution #\(i on\)(date)
Contribution #\(i on\)(date)
Contribution #\(i on\)(date)
Contribution #\(i on\)(date)
Contribution #\(i on\)(date)
Contribution #\(i on\)(date)
Contribution #\(i on\)(date)
Contribution #\(i on\)(date)
Contribution #\(i on\)(date)
Contribution #\(i on\)(date)
Contribution #\(i on\)(date)
Contribution #\(i on\)(date)
Contribution #\(i on\)(date)
Contribution #\(i on\)(date)
Contribution #\(i on\)(date)
Contribution #\(i on\)(date)
Contribution #\(i on\)(date)
Contribution #\(i on\)(date)
Contribution #\(i on\)(date)
Contribution #\(i on\)(date)
Contribution #\(i on\)(date)
Contribution #\(i on\)(date)
Contribution #\(i on\)(date)
Contribution #\(i on\)(date)
Contribution #\(i on\)(date)
Contribution #\(i on\)(date)
Contribution #\(i on\)(date)
Contribution #\(i on\)(date)
Contribution #\(i on\)(date)
Contribution #\(i on\)(date)
Contribution #\(i on\)(date)
Contribution #\(i on\)(date)
Contribution #\(i on\)(date)
Contribution #\(i on\)(date)
Contribution #\(i on\)(date)
Contribution #\(i on\)(date)
Contribution #\(i on\)(date)
Contribution #\(i on\)(date)
Contribution #\(i on\)(date)
Contribution #\(i on\)(date)
Contribution #\(i on\)(date)
Contribution #\(i on\)(date)
Contribution #\(i on\)(date)
Contribution #\(i on\)(date)
Contribution #\(i on\)(date)
Contribution #\(i on\)(date)
Contribution #\(i on\)(date)
Contribution #\(i on\)(date)
Contribution #\(i on\)(date)
Contribution #\(i on\)(date)
Contribution #\(i on\)(date)
Contribution #\(i on\)(date)
Contribution #\(i on\)(date)
Contribution #\(i on\)(date)
Contribution #\(i on\)(date)
Contribution #\(i on\)(date)
Contribution #\(i on\)(date)
Contribution #\(i on\)(date)
Contribution #\(i on\)(date)
Contribution #\(i on\)(date)
Contribution #\(i on\)(date)
Contribution #\(i on\)(date)
Contribution #\(i on\)(date)
Contribution #\(i on\)(date)
Contribution #\(i on\)(date)
Contribution #\(i on\)(date)
Contribution #\(i on\)(date)
Contribution #\(i on\)(date)
Contribution #\(i on\)(date)
Contribution #\(i on\)(date)
Contribution #\(i on\)(date)
Contribution #\(i on\)(date)
Contribution #\(i on\)(date)
Contribution #\(i on\)(date)
Contribution #\(i on\)(date)
Contribution #\(i on\)(date)
Contribution #\(i on\)(date)
Contribution #\(i on\)(date)
Contribution #\(i on\)(date)
Contribution #\(i on\)(date)
Contribution #\(i on\)(date)
Contribution #\(i on\)(date)
Contribution #\(i on\)(date)
Contribution #\(i on\)(date)
Contribution #\(i on\)(date)
Contribution #\(i on\)(date)
Contribution #\(i on\)(date)
Contribution #\(i on\)(date)
Contribution #\(i on\)(date)
Contribution #\(i on\)(date)
Contribution #\(i on\)(date)
Contribution #\(i on\)(date)
Contribution #\(i on\)(date)
Contribution #\(i on\)(date)
Contribution #\(i on\)(date)
Contribution #\(i on\)(date)
Contribution #\(i on\)(date)
Contribution #\(i on\)(date)
Contribution #\(i on\)(date)
Contribution #\(i on\)(date)
Contribution #\(i on\)(date)
Contribution #\(i on\)(date)
Contribution #\(i on\)(date)
Contribution #\(i on\)(date)
Contribution #\(i on\)(date)
Contribution #\(i on\)(date)
Contribution #\(i on\)(date)
Contribution #\(i on\)(date)
Contribution #\(i on\)(date)
Contribution #\(i on\)(date)
Contribution #\(i on\)(date)
Contribution #\(i on\)(date)
Contribution #\(i on\)(date)
Contribution #\(i on\)(date)
Contribution #\(i on\)(date)
Contribution #\(i on\)(date)
Contribution #\(i on\)(date)
Contribution #\(i on\)(date)
Contribution #\(i on\)(date)
Contribution #\(i on\)(date)
Contribution #\(i on\)(date)
Contribution #\(i on\)(date)
Contribution #\(i on\)(date)
Contribution #\(i on\)(date)
Contribution #\(i on\)(date)
Contribution #\(i on\)(date)
Contribution #\(i on\)(date)
Contribution #\(i on\)(date)
Contribution #\(i on\)(date)
Contribution #\(i on\)(date)
Contribution #\(i on\)(date)
Contribution #\(i on\)(date)
Contribution #\(i on\)(date)
Contribution #\(i on\)(date)
Contribution #\(i on\)(date)
Contribution #\(i on\)(date)
Contribution #\(i on\)(date)
Contribution #\(i on\)(date)
Contribution #\(i on\)(date)
Contribution #\(i on\)(date)
Contribution #\(i on\)(date)
Contribution #\(i on\)(date)
Contribution #\(i on\)(date)
Contribution #\(i on\)(date)
Contribution #\(i on\)(date)
Contribution #\(i on\)(date)
Contribution #\(i on\)(date)
Contribution #\(i on\)(date)
Contribution #\(i on\)(date)
Contribution #\(i on\)(date)
Contribution #\(i on\)(date)
Contribution #\(i on\)(date)
Contribution #\(i on\)(date)
Contribution #\(i on\)(date)
Contribution #\(i on\)(date)
Contribution #\(i on\)(date)
Contribution #\(i on\)(date)
Contribution #\(i on\)(date)
Contribution #\(i on\)(date)
Contribution #\(i on\)(date)
Contribution #\(i on\)(date)
Contribution #\(i on\)(date)
Contribution #\(i on\)(date)
Contribution #\(i on\)(date)
Contribution #\(i on\)(date)
Contribution #\(i on\)(date)
Contribution #\(i on\)(date)
Contribution #\(i on\)(date)
Contribution #\(i on\)(date)
Contribution #\(i on\)(date)
Contribution #\(i on\)(date)
Contribution #\(i on\)(date)
Contribution #\(i on\)(date)
Contribution #\(i on\)(date)
Contribution #\(i on\)(date)
Contribution #\(i on\)(date)
Contribution #\(i on\)(date)
Contribution #\(i on\)(date)
Contribution #\(i on\)(date)
Contribution #\(i on\)(date)
Contribution #\(i on\)(date)
Contribution #\(i on\)(date)
Contribution #\(i on\)(date)
Contribution #\(i on\)(date)
Contribution #\(i on\)(date)
Contribution #\(i on\)(date)
Contribution #\(i on\)(date)
Contribution #\(i on\)(date)
Contribution #\(i on\)(date)
Contribution #\(i on\)(date)
Contribution #\(i on\)(date)
Contribution #\(i on\)(date)
Contribution #\(i on\)(date)
Contribution #\(i on\)(date)
Contribution #\(i on\)(date)
Contribution #\(i on\)(date)
Contribution #\(i on\)(date)
Contribution #\(i on\)(date)
Contribution #\(i on\)(date)
Contribution #\(i on\)(date)
Contribution #\(i on\)(date)
Contribution #\(i on\)(date)
Contribution #\(i on\)(date)
Contribution #\(i on\)(date)
Contribution #\(i on\)(date)
Contribution #\(i on\)(date)
Contribution #\(i on\)(date)
Contribution #\(i on\)(date)
Contribution #\(i on\)(date)
Contribution #\(i on\)(date)
Contribution #\(i on\)(date)
Contribution #\(i on\)(date)
Contribution #\(i on\)(date)
Contribution #\(i on\)(date)
Contribution #\(i on\)(date)
Contribution #\(i on\)(date)
Contribution #\(i on\)(date)
Contribution #\(i on\)(date)
Contribution #\(i on\)(date)
Contribution #\(i on\)(date)
Contribution #\(i on\)(date)
Contribution #\(i on\)(date)
Contribution #\(i on\)(date)
Contribution #\(i on\)(date)
Contribution #\(i on\)(date)
Contribution #\(i on\)(date)
Contribution #\(i on\)(date)
Contribution #\(i on\)(date)
Contribution #\(i on\)(date)
Contribution #\(i on\)(date)
Contribution #\(i on\)(date)
Contribution #\(i on\)(date)
Contribution #\(i on\)(date)
Contribution #\(i on\)(date)
Contribution #\(i on\)(date)
Contribution #\(i on\)(date)
Contribution #\(i on\)(date)
Contribution #\(i on\)(date)
Contribution #\(i on\)(date)
Contribution #\(i on\)(date)
Contribution #\(i on\)(date)
Contribution #\(i on\)(date)
Contribution #\(i on\)(date)
Contribution #\(i on\)(date)
Contribution #\(i on\)(date)
Contribution #\(i on\)(date)
Contribution #\(i on\)(date)
Contribution #\(i on\)(date)
Contribution #\(i on\)(date)
Contribution #\(i on\)(date)
Contribution #1 on Mon Sep 28 04:53:52 UTC 2026
Contribution #2 on Mon Sep 28 04:53:52 UTC 2026
Contribution #3 on Mon Sep 28 04:53:52 UTC 2026
Contribution #4 on Mon Sep 28 04:53:52 UTC 2026
Contribution #5 on Mon Sep 28 04:53:52 UTC 2026
Contribution #6 on Mon Sep 28 04:53:52 UTC 2026
Contribution #7 on Mon Sep 28 04:53:52 UTC 2026
Contribution #8 on Mon Sep 28 04:53:52 UTC 2026
Contribution #9 on Mon Sep 28 04:53:52 UTC 2026
Contribution #10 on Mon Sep 28 04:53:52 UTC 2026
Contribution #11 on Mon Sep 28 04:53:52 UTC 2026
Contribution #12 on Mon Sep 28 04:53:52 UTC 2026
Contribution #13 on Mon Sep 28 04:53:52 UTC 2026
Contribution #14 on Mon Sep 28 04:53:52 UTC 2026
Contribution #15 on Mon Sep 28 04:53:52 UTC 2026
Contribution #16 on Mon Sep 28 04:53:52 UTC 2026
Contribution #17 on Mon Sep 28 04:53:52 UTC 2026
Contribution #18 on Mon Sep 28 04:53:52 UTC 2026
Contribution #19 on Mon Sep 28 04:53:52 UTC 2026
Contribution #20 on Mon Sep 28 04:53:52 UTC 2026
Contribution #21 on Mon Sep 28 04:53:52 UTC 2026
Contribution #22 on Mon Sep 28 04:53:52 UTC 2026
Contribution #23 on Mon Sep 28 04:53:52 UTC 2026
Contribution #24 on Mon Sep 28 04:53:52 UTC 2026
Contribution #25 on Mon Sep 28 04:53:52 UTC 2026
Contribution #26 on Mon Sep 28 04:53:52 UTC 2026
Contribution #27 on Mon Sep 28 04:53:52 UTC 2026
Contribution #28 on Mon Sep 28 04:53:52 UTC 2026
Contribution #29 on Mon Sep 28 04:53:52 UTC 2026
Contribution #30 on Mon Sep 28 04:53:52 UTC 2026
Contribution #31 on Mon Sep 28 04:53:52 UTC 2026
Contribution #32 on Mon Sep 28 04:53:52 UTC 2026
Contribution #33 on Mon Sep 28 04:53:52 UTC 2026
Contribution #34 on Mon Sep 28 04:53:52 UTC 2026
Contribution #35 on Mon Sep 28 04:53:52 UTC 2026
Contribution #36 on Mon Sep 28 04:53:52 UTC 2026
Contribution #37 on Mon Sep 28 04:53:52 UTC 2026
Contribution #1 on Tue Sep 29 05:18:54 UTC 2026
Contribution #2 on Tue Sep 29 05:18:54 UTC 2026
Contribution #3 on Tue Sep 29 05:18:54 UTC 2026
Contribution #4 on Tue Sep 29 05:18:54 UTC 2026
Contribution #5 on Tue Sep 29 05:18:54 UTC 2026
Contribution #6 on Tue Sep 29 05:18:54 UTC 2026
Contribution #7 on Tue Sep 29 05:18:54 UTC 2026
Contribution #8 on Tue Sep 29 05:18:54 UTC 2026
Contribution #9 on Tue Sep 29 05:18:54 UTC 2026
Contribution #10 on Tue Sep 29 05:18:54 UTC 2026
Contribution #11 on Tue Sep 29 05:18:54 UTC 2026
Contribution #12 on Tue Sep 29 05:18:54 UTC 2026
Contribution #13 on Tue Sep 29 05:18:54 UTC 2026
Contribution #14 on Tue Sep 29 05:18:54 UTC 2026
Contribution #15 on Tue Sep 29 05:18:54 UTC 2026
Contribution #16 on Tue Sep 29 05:18:54 UTC 2026
Contribution #17 on Tue Sep 29 05:18:54 UTC 2026
Contribution #18 on Tue Sep 29 05:18:54 UTC 2026
Contribution #19 on Tue Sep 29 05:18:54 UTC 2026
Contribution #20 on Tue Sep 29 05:18:54 UTC 2026
Contribution #21 on Tue Sep 29 05:18:54 UTC 2026
Contribution #22 on Tue Sep 29 05:18:54 UTC 2026
Contribution #23 on Tue Sep 29 05:18:54 UTC 2026
Contribution #24 on Tue Sep 29 05:18:54 UTC 2026
Contribution #25 on Tue Sep 29 05:18:54 UTC 2026
Contribution #26 on Tue Sep 29 05:18:54 UTC 2026
Contribution #27 on Tue Sep 29 05:18:54 UTC 2026
Contribution #28 on Tue Sep 29 05:18:54 UTC 2026
Contribution #29 on Tue Sep 29 05:18:54 UTC 2026
Contribution #30 on Tue Sep 29 05:18:54 UTC 2026
Contribution #31 on Tue Sep 29 05:18:54 UTC 2026
Contribution #32 on Tue Sep 29 05:18:54 UTC 2026
Contribution #33 on Tue Sep 29 05:18:54 UTC 2026
Contribution #1 on Wed Sep 30 05:06:48 UTC 2026
Contribution #2 on Wed Sep 30 05:06:48 UTC 2026
Contribution #3 on Wed Sep 30 05:06:48 UTC 2026
Contribution #4 on Wed Sep 30 05:06:48 UTC 2026
Contribution #5 on Wed Sep 30 05:06:48 UTC 2026
Contribution #6 on Wed Sep 30 05:06:48 UTC 2026
Contribution #7 on Wed Sep 30 05:06:48 UTC 2026
Contribution #8 on Wed Sep 30 05:06:48 UTC 2026
Contribution #9 on Wed Sep 30 05:06:48 UTC 2026
Contribution #10 on Wed Sep 30 05:06:48 UTC 2026
Contribution #11 on Wed Sep 30 05:06:48 UTC 2026
Contribution #12 on Wed Sep 30 05:06:48 UTC 2026
Contribution #13 on Wed Sep 30 05:06:48 UTC 2026
Contribution #14 on Wed Sep 30 05:06:48 UTC 2026
Contribution #15 on Wed Sep 30 05:06:48 UTC 2026
Contribution #16 on Wed Sep 30 05:06:48 UTC 2026
Contribution #17 on Wed Sep 30 05:06:48 UTC 2026
Contribution #18 on Wed Sep 30 05:06:48 UTC 2026
Contribution #19 on Wed Sep 30 05:06:48 UTC 2026
Contribution #20 on Wed Sep 30 05:06:48 UTC 2026
Contribution #21 on Wed Sep 30 05:06:48 UTC 2026
Contribution #22 on Wed Sep 30 05:06:48 UTC 2026
Contribution #23 on Wed Sep 30 05:06:48 UTC 2026
Contribution #24 on Wed Sep 30 05:06:48 UTC 2026
Contribution #25 on Wed Sep 30 05:06:48 UTC 2026
Contribution #26 on Wed Sep 30 05:06:48 UTC 2026
Contribution #27 on Wed Sep 30 05:06:48 UTC 2026
Contribution #28 on Wed Sep 30 05:06:48 UTC 2026
Contribution #29 on Wed Sep 30 05:06:48 UTC 2026
Contribution #30 on Wed Sep 30 05:06:48 UTC 2026
Contribution #31 on Wed Sep 30 05:06:48 UTC 2026
Contribution #32 on Wed Sep 30 05:06:48 UTC 2026
Contribution #33 on Wed Sep 30 05:06:48 UTC 2026
Contribution #34 on Wed Sep 30 05:06:48 UTC 2026
Contribution #35 on Wed Sep 30 05:06:48 UTC 2026
Contribution #36 on Wed Sep 30 05:06:48 UTC 2026
Contribution #37 on Wed Sep 30 05:06:48 UTC 2026
Contribution #38 on Wed Sep 30 05:06:48 UTC 2026
Contribution #39 on Wed Sep 30 05:06:48 UTC 2026
Contribution #40 on Wed Sep 30 05:06:48 UTC 2026
Contribution #41 on Wed Sep 30 05:06:48 UTC 2026
Contribution #42 on Wed Sep 30 05:06:48 UTC 2026
Contribution #43 on Wed Sep 30 05:06:48 UTC 2026
Contribution #44 on Wed Sep 30 05:06:48 UTC 2026
Contribution #45 on Wed Sep 30 05:06:48 UTC 2026
Contribution #46 on Wed Sep 30 05:06:48 UTC 2026
Contribution #47 on Wed Sep 30 05:06:48 UTC 2026
Contribution #48 on Wed Sep 30 05:06:48 UTC 2026
Contribution #49 on Wed Sep 30 05:06:49 UTC 2026
Contribution #50 on Wed Sep 30 05:06:49 UTC 2026
Contribution #51 on Wed Sep 30 05:06:49 UTC 2026
Contribution #52 on Wed Sep 30 05:06:49 UTC 2026
Contribution #53 on Wed Sep 30 05:06:49 UTC 2026
Contribution #54 on Wed Sep 30 05:06:49 UTC 2026
Contribution #55 on Wed Sep 30 05:06:49 UTC 2026
Contribution #1 on Thu Oct  1 05:21:28 UTC 2026
Contribution #2 on Thu Oct  1 05:21:28 UTC 2026
Contribution #3 on Thu Oct  1 05:21:28 UTC 2026
Contribution #4 on Thu Oct  1 05:21:28 UTC 2026
Contribution #5 on Thu Oct  1 05:21:28 UTC 2026
Contribution #6 on Thu Oct  1 05:21:28 UTC 2026
Contribution #7 on Thu Oct  1 05:21:28 UTC 2026
Contribution #8 on Thu Oct  1 05:21:28 UTC 2026
Contribution #9 on Thu Oct  1 05:21:28 UTC 2026
Contribution #10 on Thu Oct  1 05:21:28 UTC 2026
Contribution #11 on Thu Oct  1 05:21:28 UTC 2026
Contribution #12 on Thu Oct  1 05:21:28 UTC 2026
Contribution #13 on Thu Oct  1 05:21:28 UTC 2026
Contribution #14 on Thu Oct  1 05:21:28 UTC 2026
Contribution #15 on Thu Oct  1 05:21:28 UTC 2026
Contribution #16 on Thu Oct  1 05:21:28 UTC 2026
Contribution #17 on Thu Oct  1 05:21:28 UTC 2026
Contribution #18 on Thu Oct  1 05:21:29 UTC 2026
Contribution #19 on Thu Oct  1 05:21:29 UTC 2026
Contribution #20 on Thu Oct  1 05:21:29 UTC 2026
Contribution #21 on Thu Oct  1 05:21:29 UTC 2026
Contribution #22 on Thu Oct  1 05:21:29 UTC 2026
Contribution #23 on Thu Oct  1 05:21:29 UTC 2026
Contribution #24 on Thu Oct  1 05:21:29 UTC 2026
Contribution #25 on Thu Oct  1 05:21:29 UTC 2026
Contribution #26 on Thu Oct  1 05:21:29 UTC 2026
Contribution #27 on Thu Oct  1 05:21:29 UTC 2026
Contribution #28 on Thu Oct  1 05:21:29 UTC 2026
Contribution #29 on Thu Oct  1 05:21:29 UTC 2026
Contribution #30 on Thu Oct  1 05:21:29 UTC 2026
Contribution #31 on Thu Oct  1 05:21:29 UTC 2026
Contribution #32 on Thu Oct  1 05:21:29 UTC 2026
Contribution #33 on Thu Oct  1 05:21:29 UTC 2026
Contribution #34 on Thu Oct  1 05:21:29 UTC 2026
Contribution #35 on Thu Oct  1 05:21:29 UTC 2026
Contribution #36 on Thu Oct  1 05:21:29 UTC 2026
Contribution #37 on Thu Oct  1 05:21:29 UTC 2026
Contribution #38 on Thu Oct  1 05:21:29 UTC 2026
Contribution #39 on Thu Oct  1 05:21:29 UTC 2026
Contribution #40 on Thu Oct  1 05:21:29 UTC 2026
Contribution #41 on Thu Oct  1 05:21:29 UTC 2026
Contribution #42 on Thu Oct  1 05:21:29 UTC 2026
Contribution #43 on Thu Oct  1 05:21:29 UTC 2026
Contribution #44 on Thu Oct  1 05:21:29 UTC 2026
Contribution #45 on Thu Oct  1 05:21:29 UTC 2026
Contribution #46 on Thu Oct  1 05:21:29 UTC 2026
Contribution #47 on Thu Oct  1 05:21:29 UTC 2026
Contribution #1 on Fri Oct  2 05:09:40 UTC 2026
Contribution #2 on Fri Oct  2 05:09:40 UTC 2026
Contribution #3 on Fri Oct  2 05:09:40 UTC 2026
Contribution #4 on Fri Oct  2 05:09:40 UTC 2026
Contribution #5 on Fri Oct  2 05:09:40 UTC 2026
Contribution #6 on Fri Oct  2 05:09:40 UTC 2026
Contribution #7 on Fri Oct  2 05:09:40 UTC 2026
Contribution #8 on Fri Oct  2 05:09:40 UTC 2026
Contribution #9 on Fri Oct  2 05:09:40 UTC 2026
Contribution #10 on Fri Oct  2 05:09:40 UTC 2026
Contribution #11 on Fri Oct  2 05:09:40 UTC 2026
Contribution #12 on Fri Oct  2 05:09:40 UTC 2026
